To honour the JVM settings for this build a single-use Daemon process will be forked. For more on this, please refer to https://docs.gradle.org/8.11.1/userguide/gradle_daemon.html#sec:disabling_the_daemon in the Gradle documentation.
Daemon will be stopped at the end of the build 
> Task :core:checkKotlinGradlePluginConfigurationErrors SKIPPED
> Task :data:preBuild UP-TO-DATE
> Task :data:preReleaseBuild UP-TO-DATE
> Task :app:buildKotlinToolingMetadata
> Task :app:checkKotlinGradlePluginConfigurationErrors SKIPPED
> Task :app:preBuild UP-TO-DATE
> Task :app:preReleaseBuild UP-TO-DATE
> Task :data:writeReleaseAarMetadata
> Task :data:generateReleaseResValues FROM-CACHE
> Task :app:generateReleaseResValues FROM-CACHE
> Task :core:compileKotlin UP-TO-DATE
> Task :data:generateReleaseResources
> Task :core:compileJava NO-SOURCE
> Task :core:processResources NO-SOURCE
> Task :core:classes UP-TO-DATE
> Task :core:jar UP-TO-DATE
> Task :data:packageReleaseResources
> Task :data:extractDeepLinksRelease FROM-CACHE
> Task :data:processReleaseManifest FROM-CACHE
> Task :data:parseReleaseLocalResources FROM-CACHE
> Task :data:compileReleaseLibraryResources
> Task :data:generateReleaseRFile FROM-CACHE
> Task :data:checkKotlinGradlePluginConfigurationErrors SKIPPED
> Task :app:checkReleaseAarMetadata
> Task :app:mapReleaseSourceSetPaths
> Task :app:generateReleaseResources
> Task :data:javaPreCompileRelease FROM-CACHE
> Task :data:extractProguardFiles
> Task :data:prepareLintJarForPublish
> Task :data:mergeReleaseJniLibFolders
> Task :data:mergeReleaseNativeLibs NO-SOURCE
> Task :data:stripReleaseDebugSymbols NO-SOURCE
> Task :data:copyReleaseJniLibsProjectAndLocalJars
> Task :data:extractDeepLinksForAarRelease
> Task :data:mergeReleaseShaders
> Task :data:compileReleaseShaders NO-SOURCE
> Task :data:generateReleaseAssets UP-TO-DATE
> Task :data:packageReleaseAssets
> Task :data:prepareReleaseArtProfile
> Task :data:writeReleaseLintModelMetadata
> Task :data:copyReleaseJniLibsProjectOnly
> Task :data:preDebugBuild UP-TO-DATE
> Task :data:mergeDebugJniLibFolders UP-TO-DATE
> Task :data:mergeDebugNativeLibs NO-SOURCE
> Task :data:stripDebugDebugSymbols NO-SOURCE
> Task :data:copyDebugJniLibsProjectAndLocalJars
> Task :data:generateDebugResValues UP-TO-DATE
> Task :data:generateDebugResources UP-TO-DATE
> Task :data:packageDebugResources UP-TO-DATE
> Task :data:parseDebugLocalResources UP-TO-DATE
> Task :data:generateDebugRFile UP-TO-DATE
> Task :data:kspDebugKotlin UP-TO-DATE
> Task :data:compileDebugKotlin UP-TO-DATE
> Task :app:mergeReleaseResources
> Task :app:packageReleaseResources
> Task :app:parseReleaseLocalResources FROM-CACHE
> Task :app:createReleaseCompatibleScreenManifests
> Task :app:extractDeepLinksRelease FROM-CACHE
> Task :app:processReleaseMainManifest
> Task :app:processReleaseManifest
> Task :app:processReleaseManifestForPackage
> Task :app:javaPreCompileRelease FROM-CACHE
> Task :app:extractProguardFiles
> Task :app:processReleaseResources
> Task :app:mergeReleaseJniLibFolders
> Task :app:mergeReleaseNativeLibs
> Task :app:checkReleaseDuplicateClasses

> Task :app:stripReleaseDebugSymbols
Unable to strip the following libraries, packaging them as they are: libandroidx.graphics.path.so.

> Task :app:desugarReleaseFileDependencies
> Task :app:mergeReleaseStartupProfile
> Task :app:extractReleaseNativeSymbolTables
> Task :data:extractDebugAnnotations
> Task :data:extractDeepLinksForAarDebug FROM-CACHE
> Task :data:javaPreCompileDebug UP-TO-DATE
> Task :data:compileDebugJavaWithJavac UP-TO-DATE
> Task :data:mergeDebugGeneratedProguardFiles
> Task :data:mergeDebugConsumerProguardFiles
> Task :data:mergeDebugShaders UP-TO-DATE
> Task :data:compileDebugShaders NO-SOURCE
> Task :data:generateDebugAssets UP-TO-DATE
> Task :data:packageDebugAssets UP-TO-DATE
> Task :data:prepareDebugArtProfile
> Task :data:processDebugManifest UP-TO-DATE
> Task :data:processDebugJavaRes UP-TO-DATE
> Task :data:writeDebugAarMetadata UP-TO-DATE
> Task :data:extractDeepLinksDebug UP-TO-DATE
> Task :data:compileDebugLibraryResources UP-TO-DATE

> Task :data:kspReleaseKotlin
w: [ksp] /home/runner/work/secure-whatsapp-ai-architecture/secure-whatsapp-ai-architecture/data/src/main/kotlin/com/securewa/data/db/entity/ConfigurationEntities.kt:66: to_type_key column references a foreign key but it is not part of an index. This may trigger full table scans whenever parent table is modified so you are highly advised to create an index that covers this column.
w: [ksp] /home/runner/work/secure-whatsapp-ai-architecture/secure-whatsapp-ai-architecture/data/src/main/kotlin/com/securewa/data/db/entity/ConfigurationEntities.kt:178: receiver_credential_slot_id column references a foreign key but it is not part of an index. This may trigger full table scans whenever parent table is modified so you are highly advised to create an index that covers this column.
w: [ksp] /home/runner/work/secure-whatsapp-ai-architecture/secure-whatsapp-ai-architecture/data/src/main/kotlin/com/securewa/data/db/entity/MessagingEntities.kt:166: twilio_configuration_id column references a foreign key but it is not part of an index. This may trigger full table scans whenever parent table is modified so you are highly advised to create an index that covers this column.

> Task :data:bundleLibCompileToJarDebug UP-TO-DATE
> Task :data:bundleLibRuntimeToJarDebug UP-TO-DATE
> Task :data:createFullJarDebug
> Task :data:writeDebugLintModelMetadata
> Task :app:mergeExtDexRelease
> Task :data:mergeDebugJavaResource
> Task :data:generateDebugLintModel
> Task :data:syncDebugLibJars
> Task :data:bundleDebugLocalLintAar
> Task :data:preDebugAndroidTestBuild UP-TO-DATE
> Task :data:generateDebugAndroidTestResValues FROM-CACHE
> Task :data:generateDebugAndroidTestLintModel
> Task :data:preDebugUnitTestBuild UP-TO-DATE
> Task :data:generateDebugUnitTestLintModel
> Task :data:lintAnalyzeDebugAndroidTest
> Task :app:mergeReleaseNativeDebugMetadata NO-SOURCE
> Task :app:mergeReleaseArtProfile
> Task :app:mergeReleaseShaders
> Task :app:compileReleaseShaders NO-SOURCE
> Task :app:generateReleaseAssets UP-TO-DATE
> Task :data:compileReleaseKotlin
> Task :app:mergeReleaseAssets
> Task :app:compressReleaseAssets
> Task :app:extractReleaseVersionControlInfo
> Task :app:optimizeReleaseResources
> Task :app:collectReleaseDependencies
> Task :app:sdkReleaseDependencyData
> Task :app:writeReleaseAppMetadata
> Task :app:writeReleaseSigningConfigVersions
> Task :app:processApplicationManifestReleaseForBundle
> Task :app:bundleReleaseResources
> Task :app:configureReleaseDependencies
> Task :app:parseReleaseIntegrityConfig
> Task :app:preDebugBuild UP-TO-DATE
> Task :app:checkDebugAarMetadata UP-TO-DATE
> Task :app:generateDebugResValues UP-TO-DATE
> Task :app:mapDebugSourceSetPaths UP-TO-DATE
> Task :app:generateDebugResources UP-TO-DATE
> Task :app:mergeDebugResources UP-TO-DATE
> Task :app:packageDebugResources UP-TO-DATE
> Task :app:parseDebugLocalResources UP-TO-DATE
> Task :app:createDebugCompatibleScreenManifests UP-TO-DATE
> Task :app:extractDeepLinksDebug UP-TO-DATE
> Task :app:processDebugMainManifest UP-TO-DATE
> Task :app:processDebugManifest UP-TO-DATE
> Task :app:processDebugManifestForPackage UP-TO-DATE
> Task :app:processDebugResources UP-TO-DATE
> Task :app:compileDebugKotlin UP-TO-DATE
> Task :app:javaPreCompileDebug UP-TO-DATE
> Task :app:compileDebugJavaWithJavac NO-SOURCE
> Task :app:bundleDebugClassesToCompileJar UP-TO-DATE
> Task :app:preDebugAndroidTestBuild SKIPPED
> Task :app:generateDebugAndroidTestResValues FROM-CACHE
> Task :app:generateDebugAndroidTestLintModel
> Task :app:generateDebugLintReportModel
> Task :app:preDebugUnitTestBuild UP-TO-DATE
> Task :app:generateDebugUnitTestLintModel
> Task :data:compileReleaseJavaWithJavac
> Task :data:bundleLibCompileToJarRelease
> Task :app:lintAnalyzeDebugAndroidTest
> Task :data:bundleLibRuntimeToJarRelease
> Task :data:processReleaseJavaRes
> Task :data:createFullJarRelease
> Task :data:generateReleaseLintModel
> Task :data:extractReleaseAnnotations
> Task :data:mergeReleaseGeneratedProguardFiles
> Task :data:mergeReleaseConsumerProguardFiles
> Task :data:mergeReleaseJavaResource
> Task :data:syncReleaseLibJars
> Task :data:bundleReleaseLocalLintAar
> Task :app:compileReleaseKotlin
> Task :app:compileReleaseJavaWithJavac NO-SOURCE
> Task :data:lintAnalyzeDebug
> Task :app:generateReleaseLintVitalReportModel
> Task :data:generateReleaseLintVitalModel
> Task :data:bundleLibRuntimeToDirRelease
> Task :app:lintAnalyzeDebugUnitTest
> Task :app:dexBuilderRelease
> Task :data:lintVitalAnalyzeRelease
> Task :app:processReleaseJavaRes
> Task :app:mergeReleaseJavaResource
> Task :app:mergeReleaseGlobalSynthetics
> Task :app:mergeDexRelease
> Task :app:lintVitalAnalyzeRelease
> Task :app:compileReleaseArtProfile
> Task :data:generateDebugLintReportModel
> Task :app:lintVitalReportRelease
> Task :app:lintVitalRelease
> Task :app:buildReleasePreBundle
> Task :app:packageReleaseBundle
> Task :app:packageRelease
> Task :app:createReleaseApkListingFileRedirect
> Task :app:assembleRelease
> Task :app:signReleaseBundle
> Task :app:produceReleaseBundleIdeListingFile
> Task :app:createReleaseBundleListingFileRedirect
> Task :app:bundleRelease
> Task :data:lintAnalyzeDebugUnitTest
> Task :data:lintReportDebug
> Task :data:lintDebug
> Task :app:lintAnalyzeDebug

> Task :app:lintReportDebug
Wrote HTML report to file:///home/runner/work/secure-whatsapp-ai-architecture/secure-whatsapp-ai-architecture/app/build/reports/lint-results-debug.html

> Task :app:lintDebug FAILED
Lint found 1 errors, 38 warnings. First failure:

/home/runner/work/secure-whatsapp-ai-architecture/secure-whatsapp-ai-architecture/app/src/main/kotlin/com/securewa/architecture/ui/CapabilityScreen.kt:50: Error: Content padding parameter padding is not used [UnusedMaterial3ScaffoldPaddingParameter from androidx.compose.material3]
    ) { padding ->
        ~~~~~~~

   Explanation for issues of type "UnusedMaterial3ScaffoldPaddingParameter":
   The content lambda in Scaffold has a padding parameter which will include
   any inner padding for the content due to app bars. If this parameter is
   ignored, then content may be obscured by the app bars resulting in visual
   issues or elements that can't be interacted with.

   Vendor: Jetpack Compose
   Identifier: androidx.compose.material3
   Feedback: https://issuetracker.google.com/issues/new?component=612128


The full lint text report is located at:
  /home/runner/work/secure-whatsapp-ai-architecture/secure-whatsapp-ai-architecture/app/build/intermediates/lint_intermediate_text_report/debug/lintReportDebug/lint-results-debug.txt
gradle/actions: Writing build results to /home/runner/work/_temp/.gradle-actions/build-results/__run_3-1789280447834.json

FAILURE: Build failed with an exception.

* What went wrong:
Execution failed for task ':app:lintDebug'.
> Lint found errors in the project; aborting build.
  
  Fix the issues identified by lint, or create a baseline to see only new errors.
  To create a baseline, run `gradlew updateLintBaseline` after adding the following to the module's build.gradle file:
  ```
  android {
      lint {
          baseline = file("lint-baseline.xml")
      }
  }
  ```
  For more details, see https://developer.android.com/studio/write/lint#snapshot
  
  Lint found 1 errors, 38 warnings. First failure:
  
  /home/runner/work/secure-whatsapp-ai-architecture/secure-whatsapp-ai-architecture/app/src/main/kotlin/com/securewa/architecture/ui/CapabilityScreen.kt:50: Error: Content padding parameter padding is not used [UnusedMaterial3ScaffoldPaddingParameter from androidx.compose.material3]
      ) { padding ->
          ~~~~~~~
  
     Explanation for issues of type "UnusedMaterial3ScaffoldPaddingParameter":
     The content lambda in Scaffold has a padding parameter which will include
     any inner padding for the content due to app bars. If this parameter is
     ignored, then content may be obscured by the app bars resulting in visual
     issues or elements that can't be interacted with.
  
     Vendor: Jetpack Compose
     Identifier: androidx.compose.material3
     Feedback: https://issuetracker.google.com/issues/new?component=612128
  
  
  The full lint text report is located at:
    /home/runner/work/secure-whatsapp-ai-architecture/secure-whatsapp-ai-architecture/app/build/intermediates/lint_intermediate_text_report/debug/lintReportDebug/lint-results-debug.txt

* Try:
> Run with --info or --debug option to get more log output.
> Run with --scan to get full insights.
> Get more help at https://help.gradle.org.

* Exception is:
org.gradle.api.tasks.TaskExecutionException: Execution failed for task ':app:lintDebug'.
	at org.gradle.api.internal.tasks.execution.ExecuteActionsTaskExecuter.lambda$executeIfValid$1(ExecuteActionsTaskExecuter.java:130)
	at org.gradle.internal.Try$Failure.ifSuccessfulOrElse(Try.java:293)
	at org.gradle.api.internal.tasks.execution.ExecuteActionsTaskExecuter.executeIfValid(ExecuteActionsTaskExecuter.java:128)
	at org.gradle.api.internal.tasks.execution.ExecuteActionsTaskExecuter.execute(ExecuteActionsTaskExecuter.java:116)
	at org.gradle.api.internal.tasks.execution.FinalizePropertiesTaskExecuter.execute(FinalizePropertiesTaskExecuter.java:46)
	at org.gradle.api.internal.tasks.execution.ResolveTaskExecutionModeExecuter.execute(ResolveTaskExecutionModeExecuter.java:51)
	at org.gradle.api.internal.tasks.execution.SkipTaskWithNoActionsExecuter.execute(SkipTaskWithNoActionsExecuter.java:57)
	at org.gradle.api.internal.tasks.execution.SkipOnlyIfTaskExecuter.execute(SkipOnlyIfTaskExecuter.java:74)
	at org.gradle.api.internal.tasks.execution.CatchExceptionTaskExecuter.execute(CatchExceptionTaskExecuter.java:36)
	at org.gradle.api.internal.tasks.execution.EventFiringTaskExecuter$1.executeTask(EventFiringTaskExecuter.java:77)
	at org.gradle.api.internal.tasks.execution.EventFiringTaskExecuter$1.call(EventFiringTaskExecuter.java:55)
	at org.gradle.api.internal.tasks.execution.EventFiringTaskExecuter$1.call(EventFiringTaskExecuter.java:52)
	at org.gradle.internal.operations.DefaultBuildOperationRunner$CallableBuildOperationWorker.execute(DefaultBuildOperationRunner.java:209)
	at org.gradle.internal.operations.DefaultBuildOperationRunner$CallableBuildOperationWorker.execute(DefaultBuildOperationRunner.java:204)
	at org.gradle.internal.operations.DefaultBuildOperationRunner$2.execute(DefaultBuildOperationRunner.java:66)
	at org.gradle.internal.operations.DefaultBuildOperationRunner$2.execute(DefaultBuildOperationRunner.java:59)
	at org.gradle.internal.operations.DefaultBuildOperationRunner.execute(DefaultBuildOperationRunner.java:166)
	at org.gradle.internal.operations.DefaultBuildOperationRunner.execute(DefaultBuildOperationRunner.java:59)
	at org.gradle.internal.operations.DefaultBuildOperationRunner.call(DefaultBuildOperationRunner.java:53)
	at org.gradle.api.internal.tasks.execution.EventFiringTaskExecuter.execute(EventFiringTaskExecuter.java:52)
	at org.gradle.execution.plan.LocalTaskNodeExecutor.execute(LocalTaskNodeExecutor.java:42)
	at org.gradle.execution.taskgraph.DefaultTaskExecutionGraph$InvokeNodeExecutorsAction.execute(DefaultTaskExecutionGraph.java:331)
	at org.gradle.execution.taskgraph.DefaultTaskExecutionGraph$InvokeNodeExecutorsAction.execute(DefaultTaskExecutionGraph.java:318)
	at org.gradle.execution.taskgraph.DefaultTaskExecutionGraph$BuildOperationAwareExecutionAction.lambda$execute$0(DefaultTaskExecutionGraph.java:314)
	at org.gradle.internal.operations.CurrentBuildOperationRef.with(CurrentBuildOperationRef.java:85)
	at org.gradle.execution.taskgraph.DefaultTaskExecutionGraph$BuildOperationAwareExecutionAction.execute(DefaultTaskExecutionGraph.java:314)
	at org.gradle.execution.taskgraph.DefaultTaskExecutionGraph$BuildOperationAwareExecutionAction.execute(DefaultTaskExecutionGraph.java:303)
	at org.gradle.execution.plan.DefaultPlanExecutor$ExecutorWorker.execute(DefaultPlanExecutor.java:459)
	at org.gradle.execution.plan.DefaultPlanExecutor$ExecutorWorker.run(DefaultPlanExecutor.java:376)
	at org.gradle.internal.concurrent.ExecutorPolicy$CatchAndRecordFailures.onExecute(ExecutorPolicy.java:64)
	at org.gradle.internal.concurrent.AbstractManagedExecutor$1.run(AbstractManagedExecutor.java:48)
Caused by: java.lang.RuntimeException: Lint found errors in the project; aborting build.

Fix the issues identified by lint, or create a baseline to see only new errors.
To create a baseline, run `gradlew updateLintBaseline` after adding the following to the module's build.gradle file:
```
android {
    lint {
        baseline = file("lint-baseline.xml")
    }
}
```
For more details, see https://developer.android.com/studio/write/lint#snapshot

Lint found 1 errors, 38 warnings. First failure:

/home/runner/work/secure-whatsapp-ai-architecture/secure-whatsapp-ai-architecture/app/src/main/kotlin/com/securewa/architecture/ui/CapabilityScreen.kt:50: Error: Content padding parameter padding is not used [UnusedMaterial3ScaffoldPaddingParameter from androidx.compose.material3]
    ) { padding ->
        ~~~~~~~

   Explanation for issues of type "UnusedMaterial3ScaffoldPaddingParameter":
   The content lambda in Scaffold has a padding parameter which will include
   any inner padding for the content due to app bars. If this parameter is
   ignored, then content may be obscured by the app bars resulting in visual
   issues or elements that can't be interacted with.

   Vendor: Jetpack Compose
   Identifier: androidx.compose.material3
   Feedback: https://issuetracker.google.com/issues/new?component=612128


The full lint text report is located at:
  /home/runner/work/secure-whatsapp-ai-architecture/secure-whatsapp-ai-architecture/app/build/intermediates/lint_intermediate_text_report/debug/lintReportDebug/lint-results-debug.txt
	at com.android.build.gradle.internal.lint.AndroidLintWorkAction$Companion.maybeThrowException(AndroidLintWorkAction.kt:235)
	at com.android.build.gradle.internal.lint.AndroidLintTextOutputTask.doTaskAction(AndroidLintTextOutputTask.kt:109)
	at com.android.build.gradle.internal.tasks.NonIncrementalTask$taskAction$$inlined$recordTaskAction$1.invoke(BaseTask.kt:79)
	at com.android.build.gradle.internal.tasks.Blocks.recordSpan(Blocks.java:51)
	at com.android.build.gradle.internal.tasks.NonIncrementalTask.taskAction(NonIncrementalTask.kt:78)
	at jdk.internal.reflect.GeneratedMethodAccessor202.invoke(Unknown Source)
	at java.base/jdk.internal.reflect.DelegatingMethodAccessorImpl.invoke(DelegatingMethodAccessorImpl.java:43)
	at org.gradle.internal.reflect.JavaMethod.invoke(JavaMethod.java:125)
	at org.gradle.api.internal.project.taskfactory.StandardTaskAction.doExecute(StandardTaskAction.java:58)
	at org.gradle.api.internal.project.taskfactory.StandardTaskAction.execute(StandardTaskAction.java:51)
	at org.gradle.api.internal.project.taskfactory.StandardTaskAction.execute(StandardTaskAction.java:29)
	at org.gradle.api.internal.tasks.execution.TaskExecution$3.run(TaskExecution.java:244)
	at org.gradle.internal.operations.DefaultBuildOperationRunner$1.execute(DefaultBuildOperationRunner.java:29)
	at org.gradle.internal.operations.DefaultBuildOperationRunner$1.execute(DefaultBuildOperationRunner.java:26)
	at org.gradle.internal.operations.DefaultBuildOperationRunner$2.execute(DefaultBuildOperationRunner.java:66)
	at org.gradle.internal.operations.DefaultBuildOperationRunner$2.execute(DefaultBuildOperationRunner.java:59)
	at org.gradle.internal.operations.DefaultBuildOperationRunner.execute(DefaultBuildOperationRunner.java:166)
	at org.gradle.internal.operations.DefaultBuildOperationRunner.execute(DefaultBuildOperationRunner.java:59)
	at org.gradle.internal.operations.DefaultBuildOperationRunner.run(DefaultBuildOperationRunner.java:47)
	at org.gradle.api.internal.tasks.execution.TaskExecution.executeAction(TaskExecution.java:229)
	at org.gradle.api.internal.tasks.execution.TaskExecution.executeActions(TaskExecution.java:212)
	at org.gradle.api.internal.tasks.execution.TaskExecution.executeWithPreviousOutputFiles(TaskExecution.java:195)
	at org.gradle.api.internal.tasks.execution.TaskExecution.execute(TaskExecution.java:162)
	at org.gradle.internal.execution.steps.ExecuteStep.executeInternal(ExecuteStep.java:105)
	at org.gradle.internal.execution.steps.ExecuteStep.access$000(ExecuteStep.java:44)
	at org.gradle.internal.execution.steps.ExecuteStep$1.call(ExecuteStep.java:59)
	at org.gradle.internal.execution.steps.ExecuteStep$1.call(ExecuteStep.java:56)
	at org.gradle.internal.operations.DefaultBuildOperationRunner$CallableBuildOperationWorker.execute(DefaultBuildOperationRunner.java:209)
	at org.gradle.internal.operations.DefaultBuildOperationRunner$CallableBuildOperationWorker.execute(DefaultBuildOperationRunner.java:204)
	at org.gradle.internal.operations.DefaultBuildOperationRunner$2.execute(DefaultBuildOperationRunner.java:66)
	at org.gradle.internal.operations.DefaultBuildOperationRunner$2.execute(DefaultBuildOperationRunner.java:59)
	at org.gradle.internal.operations.DefaultBuildOperationRunner.execute(DefaultBuildOperationRunner.java:166)
	at org.gradle.internal.operations.DefaultBuildOperationRunner.execute(DefaultBuildOperationRunner.java:59)
	at org.gradle.internal.operations.DefaultBuildOperationRunner.call(DefaultBuildOperationRunner.java:53)
	at org.gradle.internal.execution.steps.ExecuteStep.execute(ExecuteStep.java:56)
	at org.gradle.internal.execution.steps.ExecuteStep.execute(ExecuteStep.java:44)
	at org.gradle.internal.execution.steps.CancelExecutionStep.execute(CancelExecutionStep.java:42)
	at org.gradle.internal.execution.steps.TimeoutStep.executeWithoutTimeout(TimeoutStep.java:75)
	at org.gradle.internal.execution.steps.TimeoutStep.execute(TimeoutStep.java:55)
	at org.gradle.internal.execution.steps.PreCreateOutputParentsStep.execute(PreCreateOutputParentsStep.java:50)
	at org.gradle.internal.execution.steps.PreCreateOutputParentsStep.execute(PreCreateOutputParentsStep.java:28)
	at org.gradle.internal.execution.steps.RemovePreviousOutputsStep.execute(RemovePreviousOutputsStep.java:67)
	at org.gradle.internal.execution.steps.RemovePreviousOutputsStep.execute(RemovePreviousOutputsStep.java:37)
	at org.gradle.internal.execution.steps.BroadcastChangingOutputsStep.execute(BroadcastChangingOutputsStep.java:61)
	at org.gradle.internal.execution.steps.BroadcastChangingOutputsStep.execute(BroadcastChangingOutputsStep.java:26)
	at org.gradle.internal.execution.steps.CaptureOutputsAfterExecutionStep.execute(CaptureOutputsAfterExecutionStep.java:69)
	at org.gradle.internal.execution.steps.CaptureOutputsAfterExecutionStep.execute(CaptureOutputsAfterExecutionStep.java:46)
	at org.gradle.internal.execution.steps.ResolveInputChangesStep.execute(ResolveInputChangesStep.java:40)
	at org.gradle.internal.execution.steps.ResolveInputChangesStep.execute(ResolveInputChangesStep.java:29)
	at org.gradle.internal.execution.steps.BuildCacheStep.executeWithoutCache(BuildCacheStep.java:189)
	at org.gradle.internal.execution.steps.BuildCacheStep.lambda$execute$1(BuildCacheStep.java:75)
	at org.gradle.internal.Either$Right.fold(Either.java:175)
	at org.gradle.internal.execution.caching.CachingState.fold(CachingState.java:62)
	at org.gradle.internal.execution.steps.BuildCacheStep.execute(BuildCacheStep.java:73)
	at org.gradle.internal.execution.steps.BuildCacheStep.execute(BuildCacheStep.java:48)
	at org.gradle.internal.execution.steps.StoreExecutionStateStep.execute(StoreExecutionStateStep.java:46)
	at org.gradle.internal.execution.steps.StoreExecutionStateStep.execute(StoreExecutionStateStep.java:35)
	at org.gradle.internal.execution.steps.SkipUpToDateStep.executeBecause(SkipUpToDateStep.java:75)
	at org.gradle.internal.execution.steps.SkipUpToDateStep.lambda$execute$2(SkipUpToDateStep.java:53)
	at org.gradle.internal.execution.steps.SkipUpToDateStep.execute(SkipUpToDateStep.java:53)
	at org.gradle.internal.execution.steps.SkipUpToDateStep.execute(SkipUpToDateStep.java:35)
	at org.gradle.internal.execution.steps.legacy.MarkSnapshottingInputsFinishedStep.execute(MarkSnapshottingInputsFinishedStep.java:37)
	at org.gradle.internal.execution.steps.legacy.MarkSnapshottingInputsFinishedStep.execute(MarkSnapshottingInputsFinishedStep.java:27)
	at org.gradle.internal.execution.steps.ResolveIncrementalCachingStateStep.executeDelegate(ResolveIncrementalCachingStateStep.java:49)
	at org.gradle.internal.execution.steps.ResolveIncrementalCachingStateStep.executeDelegate(ResolveIncrementalCachingStateStep.java:27)
	at org.gradle.internal.execution.steps.AbstractResolveCachingStateStep.execute(AbstractResolveCachingStateStep.java:71)
	at org.gradle.internal.execution.steps.AbstractResolveCachingStateStep.execute(AbstractResolveCachingStateStep.java:39)
	at org.gradle.internal.execution.steps.ResolveChangesStep.execute(ResolveChangesStep.java:65)
	at org.gradle.internal.execution.steps.ResolveChangesStep.execute(ResolveChangesStep.java:36)
	at org.gradle.internal.execution.steps.ValidateStep.execute(ValidateStep.java:107)
	at org.gradle.internal.execution.steps.ValidateStep.execute(ValidateStep.java:56)
	at org.gradle.internal.execution.steps.AbstractCaptureStateBeforeExecutionStep.execute(AbstractCaptureStateBeforeExecutionStep.java:64)
	at org.gradle.internal.execution.steps.AbstractCaptureStateBeforeExecutionStep.execute(AbstractCaptureStateBeforeExecutionStep.java:43)
	at org.gradle.internal.execution.steps.AbstractSkipEmptyWorkStep.executeWithNonEmptySources(AbstractSkipEmptyWorkStep.java:125)
	at org.gradle.internal.execution.steps.AbstractSkipEmptyWorkStep.execute(AbstractSkipEmptyWorkStep.java:56)
	at org.gradle.internal.execution.steps.AbstractSkipEmptyWorkStep.execute(AbstractSkipEmptyWorkStep.java:36)
	at org.gradle.internal.execution.steps.legacy.MarkSnapshottingInputsStartedStep.execute(MarkSnapshottingInputsStartedStep.java:38)
	at org.gradle.internal.execution.steps.LoadPreviousExecutionStateStep.execute(LoadPreviousExecutionStateStep.java:36)
	at org.gradle.internal.execution.steps.LoadPreviousExecutionStateStep.execute(LoadPreviousExecutionStateStep.java:23)
	at org.gradle.internal.execution.steps.HandleStaleOutputsStep.execute(HandleStaleOutputsStep.java:75)
	at org.gradle.internal.execution.steps.HandleStaleOutputsStep.execute(HandleStaleOutputsStep.java:41)
	at org.gradle.internal.execution.steps.AssignMutableWorkspaceStep.lambda$execute$0(AssignMutableWorkspaceStep.java:35)
	at org.gradle.api.internal.tasks.execution.TaskExecution$4.withWorkspace(TaskExecution.java:289)
	at org.gradle.internal.execution.steps.AssignMutableWorkspaceStep.execute(AssignMutableWorkspaceStep.java:31)
	at org.gradle.internal.execution.steps.AssignMutableWorkspaceStep.execute(AssignMutableWorkspaceStep.java:22)
	at org.gradle.internal.execution.steps.ChoosePipelineStep.execute(ChoosePipelineStep.java:40)
	at org.gradle.internal.execution.steps.ChoosePipelineStep.execute(ChoosePipelineStep.java:23)
	at org.gradle.internal.execution.steps.ExecuteWorkBuildOperationFiringStep.lambda$execute$2(ExecuteWorkBuildOperationFiringStep.java:67)
	at org.gradle.internal.execution.steps.ExecuteWorkBuildOperationFiringStep.execute(ExecuteWorkBuildOperationFiringStep.java:67)
	at org.gradle.internal.execution.steps.ExecuteWorkBuildOperationFiringStep.execute(ExecuteWorkBuildOperationFiringStep.java:39)
	at org.gradle.internal.execution.steps.IdentityCacheStep.execute(IdentityCacheStep.java:46)
	at org.gradle.internal.execution.steps.IdentityCacheStep.execute(IdentityCacheStep.java:34)
	at org.gradle.internal.execution.steps.IdentifyStep.execute(IdentifyStep.java:48)
	at org.gradle.internal.execution.steps.IdentifyStep.execute(IdentifyStep.java:35)
	at org.gradle.internal.execution.impl.DefaultExecutionEngine$1.execute(DefaultExecutionEngine.java:61)
	at org.gradle.api.internal.tasks.execution.ExecuteActionsTaskExecuter.executeIfValid(ExecuteActionsTaskExecuter.java:127)
	at org.gradle.api.internal.tasks.execution.ExecuteActionsTaskExecuter.execute(ExecuteActionsTaskExecuter.java:116)
	at org.gradle.api.internal.tasks.execution.FinalizePropertiesTaskExecuter.execute(FinalizePropertiesTaskExecuter.java:46)
	at org.gradle.api.internal.tasks.execution.ResolveTaskExecutionModeExecuter.execute(ResolveTaskExecutionModeExecuter.java:51)
	at org.gradle.api.internal.tasks.execution.SkipTaskWithNoActionsExecuter.execute(SkipTaskWithNoActionsExecuter.java:57)
	at org.gradle.api.internal.tasks.execution.SkipOnlyIfTaskExecuter.execute(SkipOnlyIfTaskExecuter.java:74)
	at org.gradle.api.internal.tasks.execution.CatchExceptionTaskExecuter.execute(CatchExceptionTaskExecuter.java:36)
	at org.gradle.api.internal.tasks.execution.EventFiringTaskExecuter$1.executeTask(EventFiringTaskExecuter.java:77)
	at org.gradle.api.internal.tasks.execution.EventFiringTaskExecuter$1.call(EventFiringTaskExecuter.java:55)
	at org.gradle.api.internal.tasks.execution.EventFiringTaskExecuter$1.call(EventFiringTaskExecuter.java:52)
	at org.gradle.internal.operations.DefaultBuildOperationRunner$CallableBuildOperationWorker.execute(DefaultBuildOperationRunner.java:209)
	at org.gradle.internal.operations.DefaultBuildOperationRunner$CallableBuildOperationWorker.execute(DefaultBuildOperationRunner.java:204)
	at org.gradle.internal.operations.DefaultBuildOperationRunner$2.execute(DefaultBuildOperationRunner.java:66)
	at org.gradle.internal.operations.DefaultBuildOperationRunner$2.execute(DefaultBuildOperationRunner.java:59)
	at org.gradle.internal.operations.DefaultBuildOperationRunner.execute(DefaultBuildOperationRunner.java:166)
	at org.gradle.internal.operations.DefaultBuildOperationRunner.execute(DefaultBuildOperationRunner.java:59)
	at org.gradle.internal.operations.DefaultBuildOperationRunner.call(DefaultBuildOperationRunner.java:53)
	at org.gradle.api.internal.tasks.execution.EventFiringTaskExecuter.execute(EventFiringTaskExecuter.java:52)
	at org.gradle.execution.plan.LocalTaskNodeExecutor.execute(LocalTaskNodeExecutor.java:42)
	at org.gradle.execution.taskgraph.DefaultTaskExecutionGraph$InvokeNodeExecutorsAction.execute(DefaultTaskExecutionGraph.java:331)
	at org.gradle.execution.taskgraph.DefaultTaskExecutionGraph$InvokeNodeExecutorsAction.execute(DefaultTaskExecutionGraph.java:318)
	at org.gradle.execution.taskgraph.DefaultTaskExecutionGraph$BuildOperationAwareExecutionAction.lambda$execute$0(DefaultTaskExecutionGraph.java:314)
	at org.gradle.internal.operations.CurrentBuildOperationRef.with(CurrentBuildOperationRef.java:85)
	at org.gradle.execution.taskgraph.DefaultTaskExecutionGraph$BuildOperationAwareExecutionAction.execute(DefaultTaskExecutionGraph.java:314)
	at org.gradle.execution.taskgraph.DefaultTaskExecutionGraph$BuildOperationAwareExecutionAction.execute(DefaultTaskExecutionGraph.java:303)
	at org.gradle.execution.plan.DefaultPlanExecutor$ExecutorWorker.execute(DefaultPlanExecutor.java:459)
	at org.gradle.execution.plan.DefaultPlanExecutor$ExecutorWorker.run(DefaultPlanExecutor.java:376)
	at org.gradle.internal.concurrent.ExecutorPolicy$CatchAndRecordFailures.onExecute(ExecutorPolicy.java:64)
	at org.gradle.internal.concurrent.AbstractManagedExecutor$1.run(AbstractManagedExecutor.java:48)


BUILD FAILED in 1m 46s
160 actionable tasks: 110 executed, 13 from cache, 37 up-to-date
